
Gem::Ext::BuildError: ERROR: Failed to build gem native extension. error: 'struct timespec' declared inside parameter list [-Werror]


c:/Ruby22/include/ruby-2.2.0/ruby/win32.h:319:44: 
error: 'struct timespec' declared inside parameter list [-Werror]
 extern int clock_gettime(clockid_t, struct timespec *);

===
C:\> gem uninstall rails
Successfully uninstalled rails-4.2.4

====
C:\Users\mn> D:
D:\> cd d:\Programs\Ruby22\DevKit-4.7.2

d:\Programs\Ruby22>cd DevKit-4.7.2

d:\Programs\Ruby22\DevKit-4.7.2>ruby dk.rb init
[INFO] found RubyInstaller v2.2.3 at C:/Ruby22

Initialization complete! Please review and modify the auto-generated
'config.yml' file to ensure it contains the root directories to all
of the installed Rubies you want enhanced by the DevKit.

d:\Programs\Ruby22\DevKit-4.7.2>ruby dk.rb install
[INFO] Updating convenience notice gem override for 'C:/Ruby22'
[INFO] Installing 'C:/Ruby22/lib/ruby/site_ruby/devkit.rb'


Testing DevKit installaition is OK

d:\Programs\Ruby22\DevKit-4.7.2>gem install json --platform=ruby
Temporarily enhancing PATH to include DevKit...
Building native extensions.  This could take a while...
Successfully installed json-1.8.3
Parsing documentation for json-1.8.3
Installing ri documentation for json-1.8.3
Done installing documentation for json after 2 seconds
1 gem installed

d:\Programs\Ruby22\DevKit-4.7.2>ruby -rubygems -e "require 'json'; puts JSON.loa
d('[42]').inspect
[42]

d:\Programs\Ruby22\DevKit-4.7.2>ruby -rubygems -e "require 'json'; puts JSON.loa
d('[42]').inspect
=== === 

USE OK! - смотри log:  --помогло инсталляция DevKit. Спас т.о. версию Ruby 2.2

C:\Users\mn>gem install rails
Fetching: rails-4.2.4.gem (100%)
Successfully installed rails-4.2.4
Parsing documentation for rails-4.2.4
Installing ri documentation for rails-4.2.4
Done installing documentation for rails after 862 seconds
1 gem installed

C:\Users\mn>rails new D:\ProgBin\__Site_Melkie_utility\RoR_1_sample
      create
      create  README.rdoc
      create  Rakefile
      create  config.ru
      create  .gitignore
      create  Gemfile
      create  app
      create  app/assets/javascripts/application.js
      create  app/assets/stylesheets/application.css
      create  app/controllers/application_controller.rb
      create  app/helpers/application_helper.rb
      create  app/views/layouts/application.html.erb
      create  app/assets/images/.keep
      create  app/mailers/.keep
      create  app/models/.keep
      create  app/controllers/concerns/.keep
      create  app/models/concerns/.keep
      create  bin
      create  bin/bundle
      create  bin/rails
      create  bin/rake
      create  bin/setup
      create  config
      create  config/routes.rb
      create  config/application.rb
      create  config/environment.rb
      create  config/secrets.yml
      create  config/environments
      create  config/environments/development.rb
      create  config/environments/production.rb
      create  config/environments/test.rb
      create  config/initializers
      create  config/initializers/assets.rb
      create  config/initializers/backtrace_silencers.rb
      create  config/initializers/cookies_serializer.rb
      create  config/initializers/filter_parameter_logging.rb
      create  config/initializers/inflections.rb
      create  config/initializers/mime_types.rb
      create  config/initializers/session_store.rb
      create  config/initializers/wrap_parameters.rb
      create  config/locales
      create  config/locales/en.yml
      create  config/boot.rb
      create  config/database.yml
      create  db
      create  db/seeds.rb
      create  lib
      create  lib/tasks
      create  lib/tasks/.keep
      create  lib/assets
      create  lib/assets/.keep
      create  log
      create  log/.keep
      create  public
      create  public/404.html
      create  public/422.html
      create  public/500.html
      create  public/favicon.ico
      create  public/robots.txt
      create  test/fixtures
      create  test/fixtures/.keep
      create  test/controllers
      create  test/controllers/.keep
      create  test/mailers
      create  test/mailers/.keep
      create  test/models
      create  test/models/.keep
      create  test/helpers
      create  test/helpers/.keep
      create  test/integration
      create  test/integration/.keep
      create  test/test_helper.rb
      create  tmp/cache
      create  tmp/cache/assets
      create  vendor/assets/javascripts
      create  vendor/assets/javascripts/.keep
      create  vendor/assets/stylesheets
      create  vendor/assets/stylesheets/.keep
         run  bundle install
Fetching gem metadata from https://rubygems.org/............
Fetching version metadata from https://rubygems.org/...
Fetching dependency metadata from https://rubygems.org/..
Resolving dependencies.............
Using rake 10.4.2
Using i18n 0.7.0
Using json 1.8.3
Using minitest 5.8.1
Using thread_safe 0.3.5
Using tzinfo 1.2.2
Using activesupport 4.2.4
Using builder 3.2.2
Using erubis 2.7.0
Using mini_portile 0.6.2
Using nokogiri 1.6.6.2
Using rails-deprecated_sanitizer 1.0.3
Using rails-dom-testing 1.0.7
Using loofah 2.0.3
Using rails-html-sanitizer 1.0.2
Using actionview 4.2.4
Using rack 1.6.4
Using rack-test 0.6.3
Using actionpack 4.2.4
Using globalid 0.3.6
Using activejob 4.2.4
Using mime-types 2.6.2
Using mail 2.6.3
Using actionmailer 4.2.4
Using activemodel 4.2.4
Using arel 6.0.3
Using activerecord 4.2.4
Using debug_inspector 0.0.2
Using binding_of_caller 0.7.2
Using bundler 1.10.6
Installing byebug 6.0.2 with native extensions
Installing coffee-script-source 1.9.1.1
Installing execjs 2.6.0
Installing coffee-script 2.4.1
Using thor 0.19.1
Using railties 4.2.4
Installing coffee-rails 4.1.0
Installing multi_json 1.11.2
Installing jbuilder 2.3.2
Installing jquery-rails 4.0.5
Using sprockets 3.3.5
Using sprockets-rails 2.3.3
Using rails 4.2.4
Using rdoc 4.2.0
Installing sass 3.4.18
Installing tilt 2.0.1
Installing sass-rails 5.0.4
Installing sdoc 0.4.1
Installing sqlite3 1.3.10
Installing turbolinks 2.5.3
Installing tzinfo-data 1.2015.6
Installing uglifier 2.7.2
Installing web-console 2.2.1
Bundle complete! 12 Gemfile dependencies, 53 gems now installed.
Use `bundle show [gemname]` to see where a bundled gem is installed.

C:\Users\mn> cd D:\ProgBin\__Site_Melkie_utility\RoR_1_sample

D:\ProgBin\__Site_Melkie_utility\RoR_1_sample>rails server







====
D:\ProgBin\__Site_Melkie_utility\RoR_1_sample>rails server
C:/Ruby22/lib/ruby/gems/2.2.0/gems/sqlite3-1.3.10-x86-mingw32/lib/sqlite3.rb:6:in `require': cannot load such file -- sqlite3/sqlite3_native (LoadError)
        from C:/Ruby22/lib/ruby/gems/2.2.0/gems/sqlite3-1.3.10-x86-mingw32/lib/sqlite3.rb:6:in `rescue in <top (required)>'
        from C:/Ruby22/lib/ruby/gems/2.2.0/gems/sqlite3-1.3.10-x86-mingw32/lib/sqlite3.rb:2:in `<top (required)>'
        from C:/Ruby22/lib/ruby/gems/2.2.0/gems/bundler-1.10.6/lib/bundler/runtime.rb:76:in `require'

=== The Solution:
Find your sqlite3 gemspec file. One example is 
          /usr/local/share/gem/specifications/sqlite3-1.3.7.gemspec
Windows: 
         C:\Ruby22\lib\ruby\gems\2.2.0\specifications\sqlite3-1.3.10-x86-mingw32.gemspec
         //C:\Ruby21\lib\ruby\gems\2.1.0\specifications.

You should adjust according with your Rubygem path and sqlite3 version. Edit the file above and look for the following line

s.require_paths=["lib"]

change it to

s.require_paths= ["lib/sqlite3_native"]
===
 --from: http://stackoverflow.com/questions/17643897/cannot-load-such-file-sqlite3-sqlite3-native-loaderror-on-ruby-on-rails
===


